// Jest Snapshot v1, https://goo.gl/fbAQLP

exports[`article test should render a single article for the list 1`] = `
<DocumentFragment>
  <figure>
    <figcaption>
      triana loves candytrianatriana goes to a candy shop
    </figcaption>
  </figure>
</DocumentFragment>
`;

exports[`should single article test should render a single article for the list 1`] = `
<DocumentFragment>
  <figure>
    <figcaption>
      triana loves candytrianatriana goes to a candy shop
    </figcaption>
  </figure>
</DocumentFragment>
`;

exports[`single article test should render a single article for the list 1`] = `
<DocumentFragment>
  <figure>
    <figcaption>
      triana loves candytrianatriana goes to a candy shop
    </figcaption>
  </figure>
</DocumentFragment>
`;
