// Jest Snapshot v1, https://goo.gl/fbAQLP

exports[`Search query test taking in a query and change on submite 1`] = `
<DocumentFragment>
  <form>
    <label
      for="title"
    >
      Article Title
    </label>
    <input
      id="title"
      title="title"
      type="text"
      value=""
    />
    <button
      aria-label="get-articles"
    >
      Give Me Articles!
    </button>
  </form>
</DocumentFragment>
`;
